------------------------------------------------------------
TimeQuest Timing Analyzer Summary
------------------------------------------------------------

Type  : Slow 1100mV 100C Model Setup 'vir_clk'
Slack : 7.107
TNS   : 0.000

Type  : Slow 1100mV 100C Model Setup 'altera_reserved_tck'
Slack : 11.091
TNS   : 0.000

Type  : Slow 1100mV 100C Model Setup 'clk'
Slack : 12.485
TNS   : 0.000

Type  : Slow 1100mV 100C Model Hold 'clk'
Slack : 0.300
TNS   : 0.000

Type  : Slow 1100mV 100C Model Hold 'altera_reserved_tck'
Slack : 0.504
TNS   : 0.000

Type  : Slow 1100mV 100C Model Hold 'vir_clk'
Slack : 9.857
TNS   : 0.000

Type  : Slow 1100mV 100C Model Recovery 'clk'
Slack : 17.121
TNS   : 0.000

Type  : Slow 1100mV 100C Model Recovery 'altera_reserved_tck'
Slack : 30.440
TNS   : 0.000

Type  : Slow 1100mV 100C Model Removal 'altera_reserved_tck'
Slack : 0.791
TNS   : 0.000

Type  : Slow 1100mV 100C Model Removal 'clk'
Slack : 0.828
TNS   : 0.000

Type  : Slow 1100mV 100C Model Minimum Pulse Width 'clk'
Slack : 8.632
TNS   : 0.000

Type  : Slow 1100mV 100C Model Minimum Pulse Width 'altera_reserved_tck'
Slack : 15.649
TNS   : 0.000

Type  : Slow 1100mV -40C Model Setup 'vir_clk'
Slack : 7.407
TNS   : 0.000

Type  : Slow 1100mV -40C Model Setup 'altera_reserved_tck'
Slack : 11.324
TNS   : 0.000

Type  : Slow 1100mV -40C Model Setup 'clk'
Slack : 12.824
TNS   : 0.000

Type  : Slow 1100mV -40C Model Hold 'clk'
Slack : 0.290
TNS   : 0.000

Type  : Slow 1100mV -40C Model Hold 'altera_reserved_tck'
Slack : 0.571
TNS   : 0.000

Type  : Slow 1100mV -40C Model Hold 'vir_clk'
Slack : 9.614
TNS   : 0.000

Type  : Slow 1100mV -40C Model Recovery 'clk'
Slack : 17.288
TNS   : 0.000

Type  : Slow 1100mV -40C Model Recovery 'altera_reserved_tck'
Slack : 30.624
TNS   : 0.000

Type  : Slow 1100mV -40C Model Removal 'clk'
Slack : 0.738
TNS   : 0.000

Type  : Slow 1100mV -40C Model Removal 'altera_reserved_tck'
Slack : 0.748
TNS   : 0.000

Type  : Slow 1100mV -40C Model Minimum Pulse Width 'clk'
Slack : 8.549
TNS   : 0.000

Type  : Slow 1100mV -40C Model Minimum Pulse Width 'altera_reserved_tck'
Slack : 15.689
TNS   : 0.000

Type  : Fast 1100mV 100C Model Setup 'vir_clk'
Slack : 12.121
TNS   : 0.000

Type  : Fast 1100mV 100C Model Setup 'altera_reserved_tck'
Slack : 13.654
TNS   : 0.000

Type  : Fast 1100mV 100C Model Setup 'clk'
Slack : 15.775
TNS   : 0.000

Type  : Fast 1100mV 100C Model Hold 'altera_reserved_tck'
Slack : 0.161
TNS   : 0.000

Type  : Fast 1100mV 100C Model Hold 'clk'
Slack : 0.162
TNS   : 0.000

Type  : Fast 1100mV 100C Model Hold 'vir_clk'
Slack : 5.480
TNS   : 0.000

Type  : Fast 1100mV 100C Model Recovery 'clk'
Slack : 18.309
TNS   : 0.000

Type  : Fast 1100mV 100C Model Recovery 'altera_reserved_tck'
Slack : 31.604
TNS   : 0.000

Type  : Fast 1100mV 100C Model Removal 'altera_reserved_tck'
Slack : 0.308
TNS   : 0.000

Type  : Fast 1100mV 100C Model Removal 'clk'
Slack : 0.471
TNS   : 0.000

Type  : Fast 1100mV 100C Model Minimum Pulse Width 'clk'
Slack : 8.822
TNS   : 0.000

Type  : Fast 1100mV 100C Model Minimum Pulse Width 'altera_reserved_tck'
Slack : 15.679
TNS   : 0.000

Type  : Fast 1100mV -40C Model Setup 'vir_clk'
Slack : 13.029
TNS   : 0.000

Type  : Fast 1100mV -40C Model Setup 'altera_reserved_tck'
Slack : 14.234
TNS   : 0.000

Type  : Fast 1100mV -40C Model Setup 'clk'
Slack : 16.486
TNS   : 0.000

Type  : Fast 1100mV -40C Model Hold 'clk'
Slack : 0.140
TNS   : 0.000

Type  : Fast 1100mV -40C Model Hold 'altera_reserved_tck'
Slack : 0.141
TNS   : 0.000

Type  : Fast 1100mV -40C Model Hold 'vir_clk'
Slack : 4.955
TNS   : 0.000

Type  : Fast 1100mV -40C Model Recovery 'clk'
Slack : 18.588
TNS   : 0.000

Type  : Fast 1100mV -40C Model Recovery 'altera_reserved_tck'
Slack : 31.841
TNS   : 0.000

Type  : Fast 1100mV -40C Model Removal 'altera_reserved_tck'
Slack : 0.251
TNS   : 0.000

Type  : Fast 1100mV -40C Model Removal 'clk'
Slack : 0.311
TNS   : 0.000

Type  : Fast 1100mV -40C Model Minimum Pulse Width 'clk'
Slack : 8.808
TNS   : 0.000

Type  : Fast 1100mV -40C Model Minimum Pulse Width 'altera_reserved_tck'
Slack : 15.747
TNS   : 0.000

------------------------------------------------------------
